adb shell am start -a android.settings.ADD_ACCOUNT_SETTINGS

跨用户的 adb 互动

在处理多用户时，有几个 adb 命令很有用。但其中部分命令仅 Android 9 及更高版本才支持：

    adb shell am instrument --user <userId> 可针对特定用户运行插桩测试。默认情况下，此命令使用当前用户。
    adb install --user <userId> 可为特定用户安装软件包。要确保为所有用户安装软件包，您必须为每个用户调用此命令。
    adb uninstall --user <userId> 可为特定用户卸载软件包。如果调用此命令时不带 --user 标记，可为所有用户卸载软件包。
    adb shell am get-current-user 可获取当前（前台）用户 ID。
    adb shell pm list users 可获取所有现有用户的列表。
    adb shell pm create-user 可创建新用户并返回 ID。
    adb shell pm remove-user 可按 ID 移除特定用户。
    adb shell pm disable --user <userId> 可为特定用户停用软件包。
    adb shell pm enable --user <userId> 可为特定用户启用软件包。
    adb shell pm list packages --user <userId> 可为特定用户列出软件包（-e 可列出已启用的软件包，-d 可列出已停用的软件包）。默认情况下，此命令始终为系统用户列出软件包。

https://source.android.com/docs/devices/admin/multi-user-testing?hl=zh-cn

04-15 21:08:28.975  4241  4291 I SomeIPService: notifyEvent.serverID:101,eventID:9009,dataLen:17
04-15 21:08:28.975  4241  4291 I someipServiceJNI: Java_com_sv_someip_service_SomeIPService_notifyEventNative event:9009,for service : 101
04-15 21:08:28.975  4241  4291 I rmi     : routing_manager_impl::send2,size:33
04-15 21:08:28.975  4241  4291 I rmi     : routing_manager_impl::send event,len:19,19
04-15 21:08:28.975  4241  4291 I rmi     : routing_manager_impl::send event,session_:4029
04-15 21:08:28.975  4241  4291 I usei    : usei::sq(172.16.0.96:55001): 01 01 90 09 00 00 00 19 00 00 40 29 01 01 02 00 00 00 00 0d 11 00 00 00 08 ef bb bf 4e 6f 6e 65 00
04-15 21:08:28.976  4241  4291 I someipServiceJNI: end notify event:9009,for service : 101
04-15 21:08:28.976  4159  4182 V MediaService: notifyRequestActiveAudioSourceToApp
04-15 21:08:28.979  4234  4344 V AudioSourceToIPManager: sourceName = , packageName =
04-15 21:08:28.979  4234  4344 V AudioSourceToIPManager: not find match source to ip,send None
04-15 21:08:28.980  4159  4182 V MediaService: SVThirdpart audioSourceStruct : 00  00  00  0D  11  00  00  00  08  EF  BB  BF  4E  6F  6E  65  00
04-15 21:08:28.981  4241  4291 I SomeIPService: notifyEvent.serverID:101,eventID:9009,dataLen:17
04-15 21:08:28.981  4241  4291 I someipServiceJNI: Java_com_sv_someip_service_SomeIPService_notifyEventNative event:9009,for service : 101
04-15 21:08:28.981  4241  4291 I rmi     : routing_manager_impl::send2,size:33
04-15 21:08:28.981  4241  4291 I rmi     : routing_manager_impl::send event,len:19,19
04-15 21:08:28.981  4241  4291 I rmi     : routing_manager_impl::send event,session_:402a
04-15 21:08:28.982  4241  4291 I usei    : usei::sq(172.16.0.96:55001): 01 01 90 09 00 00 00 19 00 00 40 2a 01 01 02 00 00 00 00 0d 11 00 00 00 08 ef bb bf 4e 6f 6e 65 00
04-15 21:08:28.982  4241  4291 I someipServiceJNI: end notify event:9009,for service : 101
04-15 21:08:28.982  4159  4182 V MediaService: notifyRequestActiveAudioSourceToApp
04-15 21:08:28.984  4234  4344 V AudioSourceToIPManager: sourceName = , packageName =
04-15 21:08:28.985  4234  4344 V AudioSourceToIPManager: not find match source to ip,send None
04-15 21:08:28.986  4159  4182 V MediaService: SVThirdpart audioSourceStruct : 00  00  00  0D  11  00  00  00  08  EF  BB  BF  4E  6F  6E  65  00
04-15 21:08:28.986  4241  4291 I SomeIPService: notifyEvent.serverID:101,eventID:9009,dataLen:17
04-15 21:08:28.986  4241  4291 I someipServiceJNI: Java_com_sv_someip_service_SomeIPService_notifyEventNative event:9009,for service : 101
04-15 21:08:28.987  4241  4291 I rmi     : routing_manager_impl::send2,size:33
04-15 21:08:28.987  4241  4291 I rmi     : routing_manager_impl::send event,len:19,19
04-15 21:08:28.987  4241  4291 I rmi     : routing_manager_impl::send event,session_:402b
04-15 21:08:28.987  4241  4291 I usei    : usei::sq(172.16.0.96:55001): 01 01 90 09 00 00 00 19 00 00 40 2b 01 01 02 00 00 00 00 0d 11 00 00 00 08 ef bb bf 4e 6f 6e 65 00
04-15 21:08:28.987  4241  4291 I someipServiceJNI: end notify event:9009,for service : 101
04-15 21:08:28.987  4159  4182 V MediaService: notifyRequestActiveAudioSourceToApp
04-15 21:08:28.988  4234  4234 V Thirdparty_GPS: gps nmeaMessage = $GNRMC,130829.000,A,3045.202126,N,10342.422489,E,0.000,205.977,150424,,E,A*3E
04-15 21:08:28.989  4234  4234 V ReceiveNavInfoMessageService: SEND_DIRECT_AND_ALTITUDE_FROM_HUT = false
04-15 21:08:28.991  2620  2752 I GnssLocationProvider:  m_quality= 1 m_status= A moveStatus= 0 m_hdop= 0.772 m_pdop= 1.555 m_vdop= 1.349 fix= 3 m_tracked_sat= 21 m_used_sat= 16 m_ttff= 997 m_pos_acc= 1245 m_cold_time= 0 m_warm_time= 0 m_hot_time= 0
04-15 21:08:28.992  4234  4234 D Thirdparty_GPS: 经度：103.70704148333334
04-15 21:08:28.992  4234  4234 D Thirdparty_GPS: 纬度：30.75336876666667
04-15 21:08:28.993  1479  1539 D VehiclePlatform|RemoteHAL|SPI: 0000186400 | Read: 04 44 01 03 00 00 00
04-15 21:08:28.995  3905  3905 D ClientLocation: Location[gps 30.753369,103.707041 hAcc=1 et=+3m6s397ms alt=535.757 vel=0.0 bear=205.977 vAcc=??? sAcc=??? bAcc=??? {Bundle[mParcelledData.dataSize=640]}]
04-15 21:08:28.996  3395  3395 D gnssSyncTimeReceiver: onLocationChanged system:1713186508996 time:1713157709000
04-15 21:08:28.996  3395  3395 D gnssSyncTimeReceiver: Set time and the TimeZone 28800000
04-15 21:08:28.997  2620  5034 D AlarmManagerService: Setting time of day to sec=1713186509
04-15 21:08:29.000  2620  5034 W AlarmManagerService: Unable to set rtc to 1713186509: No such device
04-15 21:08:29.003  4241  4515 I rmi     : routing_manager_impl::send2,size:132
04-15 21:08:29.003  4241  4515 I rmi     : routing_manager_impl::send event,len:7c,7c
04-15 21:08:29.003  4241  4515 I usei    : usei::sq(239.192.255.251:30490): ff ff 81 00 00 00 00 7c 00 00 00 a3 01 01 02 00 c0 00 00 00 00 00 00 50 01 00 00 20 01 01 00 01 01 00 00 03 00 00 00 00 01 00 00 20 01 02 00 01 01 00 00 03 00 00 00 00 01 00 00 20 01 03 00 01 01 00 00 03 00 00 00 00 01 00 00 10 01 05 00 01 01 00 00 03 00 00 00 00 01 00 00 10 02 00 00 01 01 00 00 03 00 00 00 00 00 00 00 18 00 09 04 00 ac 10 00 63 00 06 d6 d8 00 09 04 00 ac 10 00 63 00 11 d6 d8
04-15 21:08:29.003  2006  2006 I android.hardware.dsp@1.0-service: SVDSP sleep
04-15 21:08:29.006  3458  3458 E [TDP][LocationService]: OnGroInfoChanged GroInfo is Null
04-15 21:08:29.011  4241  4317 I usei    : usei::rcb(Success): ff ff 81 00 00 00 00 6c 00 00 09 41 01 01 02 00 c0 00 00 00 00 00 00 40 06 00 00 20 01 01 00 01 01 00 00 03 00 00 00 01 06 00 00 20 01 01 00 01 01 00 00 03 00 00 00 02 06 00 00 20 01 01 00 01 01 00 00 03 00 00 00 03 06 00 00 20 01 01 00 01 01 00 00 03 00 00 00 05 00 00 00 18 00 09 04 00 ac 10 00 60 00 06 d6 d9 00 09 04 00 ac 10 00 60 00 11 d6 d9
04-15 21:08:29.011  4241  4317 I rmi     : rmi::on_message: ff ff 81 00 00 00 00 6c 00 00 09 41 01 01 02 00 c0 00 00 00 00 00 00 40 06 00 00 20 01 01 00 01 01 00 00 03 00 00 00 01 06 00 00 20 01 01 00 01 01 00 00 03 00 00 00 02 06 00 00 20 01 01 00 01 01 00 00 03 00 00 00 03 06 00 00 20 01 01 00 01 01 00 00 03 00 00 00 05 00 00 00 18 00 09 04 00 ac 10 00 60 00 06 d6 d9 00 09 04 00 ac 10 00 60 00 11 d6 d9
04-15 21:08:29.011  4241  4317 I sdi     : sdi::on_message: ff ff 81 00 00 00 00 6c 00 00 09 41 01 01 02 00 c0 00 00 00 00 00 00 40 06 00 00 20 01 01 00 01 01 00 00 03 00 00 00 01 06 00 00 20 01 01 00 01 01 00 00 03 00 00 00 02 06 00 00 20 01 01 00 01 01 00 00 03 00 00 00 03 06 00 00 20 01 01 00 01 01 00 00 03 00 00 00 05 00 00 00 18 00 09 04 00 ac 10 00 60 00 06 d6 d9 00 09 04 00 ac 10 00 60 00 11 d6 d9
04-15 21:08:29.012  4241  4317 I usei    : usei::sq(172.16.0.96:30490): ff ff 81 00 00 00 00 54 00 00 01 dd 01 01 02 00 c0 00 00 00 00 00 00 40 07 00 00 00 01 01 00 01 01 00 00 03 00 00 00 01 07 00 00 00 01 01 00 01 01 00 00 03 00 00 00 02 07 00 00 00 01 01 00 01 01 00 00 03 00 00 00 03 07 00 00 00 01 01 00 01 01 00 00 03 00 00 00 05 00 00 00 00
04-15 21:08:29.012  4241  4317 I rmi     : routing_manager_impl::send_to event,session_:402c
04-15 21:08:29.012  4241  4317 I rmi     : routing_manager_impl::send event,len:e,e
04-15 21:08:29.012  4241  4317 I usei    : usei::sq(172.16.0.96:55001): 01 01 90 06 00 00 00 0e 00 00 40 2c 01 01 02 00 00 00 00 02 64 00
04-15 21:08:29.012  4241  4317 I rmi     : routing_manager_impl::send_to event,session_:402d
04-15 21:08:29.012  4241  4317 I rmi     : routing_manager_impl::send event,len:19,19
04-15 21:08:29.013  4241  4317 I usei    : usei::sq(172.16.0.96:55001): 01 01 90 09 00 00 00 19 00 00 40 2d 01 01 02 00 00 00 00 0d 11 00 00 00 08 ef bb bf 4e 6f 6e 65 00
04-15 21:08:29.013  4241  4317 I usei    : usei::rcb(Success): ff ff 81 00 00 00 00 4c 00 00 09 42 01 01 02 00 c0 00 00 00 00 00 00 20 06 00 00 20 01 02 00 01 01 00 00 03 00 00 00 01 06 00 00 20 01 02 00 01 01 00 00 03 00 00 00 02 00 00 00 18 00 09 04 00 ac 10 00 60 00 06 d6 da 00 09 04 00 ac 10 00 60 00 11 d6 da
04-15 21:08:29.016  6189  7517 I PermissionUtils: checkPermissions, permission:android.permission.ACCESS_FINE_LOCATION,op:android:fine_location
04-15 21:08:29.017  4241  4317 I rmi     : rmi::on_message: ff ff 81 00 00 00 00 4c 00 00 09 42 01 01 02 00 c0 00 00 00 00 00 00 20 06 00 00 20 01 02 00 01 01 00 00 03 00 00 00 01 06 00 00 20 01 02 00 01 01 00 00 03 00 00 00 02 00 00 00 18 00 09 04 00 ac 10 00 60 00 06 d6 da 00 09 04 00 ac 10 00 60 00 11 d6 da
04-15 21:08:29.018  4241  4317 I sdi     : sdi::on_message: ff ff 81 00 00 00 00 4c 00 00 09 42 01 01 02 00 c0 00 00 00 00 00 00 20 06 00 00 20 01 02 00 01 01 00 00 03 00 00 00 01 06 00 00 20 01 02 00 01 01 00 00 03 00 00 00 02 00 00 00 18 00 09 04 00 ac 10 00 60 00 06 d6 da 00 09 04 00 ac 10 00 60 00 11 d6 da
04-15 21:08:29.019  4234  4344 V AudioSourceToIPManager: sourceName = , packageName =
04-15 21:08:29.020  4234  4344 V AudioSourceToIPManager: not find match source to ip,send None
04-15 21:08:29.018  4241  4317 I usei    : usei::sq(172.16.0.96:30490): ff ff 81 00 00 00 00 34 00 00 01 de 01 01 02 00 c0 00 00 00 00 00 00 20 07 00 00 00 01 02 00 01 01 00 00 03 00 00 00 01 07 00 00 00 01 02 00 01 01 00 00 03 00 00 00 02 00 00 00 00
04-15 21:08:29.020  4241  4317 I rmi     : routing_manager_impl::send_to event,session_:402e
04-15 21:08:29.020  4241  4317 I rmi     : routing_manager_impl::send event,len:1b,1b
04-15 21:08:29.021  4159  4182 V MediaService: SVThirdpart audioSourceStruct : 00  00  00  0D  11  00  00  00  08  EF  BB  BF  4E  6F  6E  65  00
04-15 21:08:29.021  4241  4291 I SomeIPService: notifyEvent.serverID:101,eventID:9009,dataLen:17
04-15 21:08:29.021  4241  4317 I tsei    : tsei<172.16.0.96:55002>::sq: 01 02 90 04 00 00 00 1b 00 00 40 2e 01 01 02 00 00 00 00 0f 00 00 00 04 ef bb bf 00 01 00 00 00 00 00 00
04-15 21:08:29.022  4241  4291 I someipServiceJNI: Java_com_sv_someip_service_SomeIPService_notifyEventNative event:9009,for service : 101
04-15 21:08:29.022  4241  4291 I rmi     : routing_manager_impl::send2,size:33
04-15 21:08:29.022  4241  4291 I rmi     : routing_manager_impl::send event,len:19,19
04-15 21:08:29.022  4241  4291 I rmi     : routing_manager_impl::send event,session_:402f
04-15 21:08:29.022  4241  4291 I usei    : usei::sq(172.16.0.96:55001): 01 01 90 09 00 00 00 19 00 00 40 2f 01 01 02 00 00 00 00 0d 11 00 00 00 08 ef bb bf 4e 6f 6e 65 00
04-15 21:08:29.022  4241  4291 I someipServiceJNI: end notify event:9009,for service : 101
04-15 21:08:29.023  1479  1539 D VehiclePlatform|RemoteHAL|SPI: 0000186427 | Read: 04 44 01 03 00 00 00
04-15 21:08:29.023  1479  1539 D VehiclePlatform|RemoteHAL|SPI: 0000186427 | Read: 04 44 01 03 00 00 00
04-15 21:08:29.023  4159  4182 V MediaService: notifyRequestActiveAudioSourceToApp
04-15 21:08:29.025  4241  4317 I rmi     : routing_manager_impl::send_to event,session_:4030
04-15 21:08:29.025  4241  4317 I rmi     : routing_manager_impl::send event,len:21,21
04-15 21:08:29.025  4241  4317 I usei    : usei::sq(172.16.0.96:55002): 01 02 90 01 00 00 00 21 00 00 40 30 01 01 02 00 00 00 00 15 00 00 00 00 00 00 04 ef bb bf 00 00 00 00 00 00 04 ef bb bf 00
04-15 21:08:29.025  4234  4344 V AudioSourceToIPManager: sourceName = , packageName =
04-15 21:08:29.026  4241  4317 I rmi     : routing_manager_impl::send_to event,session_:4031
04-15 21:08:29.026  4241  4317 I rmi     : routing_manager_impl::send event,len:e,e
04-15 21:08:29.026  4241  4317 I rmi     : routing_manager_impl::send_to event,session_:4032
04-15 21:08:29.026  4241  4317 I rmi     : routing_manager_impl::send event,len:23,23
04-15 21:08:29.026  4234  4344 V AudioSourceToIPManager: not find match source to ip,send None
04-15 21:08:29.026  4241  4317 I tsei    : tsei<172.16.0.96:55002>::sq: 01 02 90 02 00 00 00 23 00 00 40 32 01 01 02 00 00 00 00 17 00 00 00 00 00 04 ef bb bf 00 00 00 00 04 ef bb bf 00 00 00 00 00 00
04-15 21:08:29.026  4241  4515 I usei    : usei::sq(172.16.0.96:55002): 01 02 90 03 00 00 00 0e 00 00 40 31 01 01 02 00 00 00 00 00 00 00
04-15 21:08:29.027  4159  4182 V MediaService: SVThirdpart audioSourceStruct : 00  00  00  0D  11  00  00  00  08  EF  BB  BF  4E  6F  6E  65  00
04-15 21:08:29.028  4241  4291 I SomeIPService: notifyEvent.serverID:101,eventID:9009,dataLen:17
04-15 21:08:29.028  4241  4291 I someipServiceJNI: Java_com_sv_someip_service_SomeIPService_notifyEventNative event:9009,for service : 101
04-15 21:08:29.028  4241  4291 I rmi     : routing_manager_impl::send2,size:33
04-15 21:08:29.028  4241  4291 I rmi     : routing_manager_impl::send event,len:19,19
04-15 21:08:29.028  4241  4291 I rmi     : routing_manager_impl::send event,session_:4033
04-15 21:08:29.029  4241  4291 I usei    : usei::sq(172.16.0.96:55001): 01 01 90 09 00 00 00 19 00 00 40 33 01 01 02 00 00 00 00 0d 11 00 00 00 08 ef bb bf 4e 6f 6e 65 00
04-15 21:08:29.029  4241  4291 I someipServiceJNI: end notify event:9009,for service : 101
04-15 21:08:29.029  4241  4317 I usei    : usei::rcb(Success): ff ff 81 00 00 00 00 4c 00 00 09 43 01 01 02 00 c0 00 00 00 00 00 00 20 06 00 00 20 01 03 00 01 01 00 00 03 00 00 00 01 06 00 00 20 01 03 00 01 01 00 00 03 00 00 00 02 00 00 00 18 00 09 04 00 ac 10 00 60 00 06 d6 db 00 09 04 00 ac 10 00 60 00 11 d6 db
04-15 21:08:29.029  4241  4317 I rmi     : rmi::on_message: ff ff 81 00 00 00 00 4c 00 00 09 43 01 01 02 00 c0 00 00 00 00 00 00 20 06 00 00 20 01 03 00 01 01 00 00 03 00 00 00 01 06 00 00 20 01 03 00 01 01 00 00 03 00 00 00 02 00 00 00 18 00 09 04 00 ac 10 00 60 00 06 d6 db 00 09 04 00 ac 10 00 60 00 11 d6 db
04-15 21:08:29.029  4241  4317 I sdi     : sdi::on_message: ff ff 81 00 00 00 00 4c 00 00 09 43 01 01 02 00 c0 00 00 00 00 00 00 20 06 00 00 20 01 03 00 01 01 00 00 03 00 00 00 01 06 00 00 20 01 03 00 01 01 00 00 03 00 00 00 02 00 00 00 18 00 09 04 00 ac 10 00 60 00 06 d6 db 00 09 04 00 ac 10 00 60 00 11 d6 db
04-15 21:08:29.030  4241  4317 I usei    : usei::sq(172.16.0.96:30490): ff ff 81 00 00 00 00 34 00 00 01 df 01 01 02 00 c0 00 00 00 00 00 00 20 07 00 00 00 01 03 00 01 01 00 00 03 00 00 00 01 07 00 00 00 01 03 00 01 01 00 00 03 00 00 00 02 00 00 00 00
04-15 21:08:29.031  4241  4317 I rmi     : routing_manager_impl::send_to event,session_:4034
04-15 21:08:29.031  4241  4317 I rmi     : routing_manager_impl::send event,len:3c,3c
04-15 21:08:29.031  4159  4182 V MediaService: notifyRequestActiveAudioSourceToApp
04-15 21:08:29.031  4241  4317 I tsei    : tsei<172.16.0.96:55003>::sq: 01 03 90 03 00 00 00 3c 00 00 40 34 01 01 02 00 00 00 00 30 00 03 00 00 00 04 ef bb bf 00 00 00 00 04 ef bb bf 00 00 00 00 04 ef bb bf 00 00 00 00 00 00 00 00 00 04 ef bb bf 00 00 00 00 04 ef bb bf 00 00
04-15 21:08:29.032  4241  4317 I rmi     : routing_manager_impl::send_to event,session_:4035
04-15 21:08:29.032  4241  4317 I rmi     : routing_manager_impl::send event,len:74,74
04-15 21:08:29.032  4241  4317 I tsei    : tsei<172.16.0.96:55003>::sq: 01 03 90 04 00 00 00 74 00 00 40 35 01 01 02 00 00 00 00 68 00 00 00 14 ef bb bf 44 65 73 74 69 6e 61 74 69 6f 6e 20 4c 69 73 74 00 01 02 02 00 00 00 49 00 00 00 1c 00 00 00 00 16 ef bb bf e9 98 b3 e5 85 89 e6 96 b0 e4 b8 9a e4 b8 ad e5 bf 83 00 00 00 00 00 25 01 00 00 00 1f ef bb bf e5 9b 9b e5 b7 9d e7 9c 81 e6 88 90 e9 83 bd e5 b8 82 e9 9d 92 e7 be 8a e5 8c ba 00 00
04-15 21:08:29.034  6189  7517 I PermissionUtils: checkPermissions, noteProxyOp,result:0
04-15 21:08:29.038  4234  4344 V AudioSourceToIPManager: sourceName = , packageName =
04-15 21:08:29.038  4234  4344 V AudioSourceToIPManager: not find match source to ip,send None
04-15 21:08:29.043  4241  4515 I usei    : usei::rcb(Success): ff ff 81 00 00 00 00 50 00 00 00 c2 01 01 02 00 c0 00 00 00 00 00 00 30 01 00 00 10 02 01 00 01 01 00 00 03 00 00 00 00 01 00 00 10 02 02 00 01 01 00 00 03 00 00 00 00 01 00 00 10 02 05 00 01 01 00 00 03 00 00 00 00 00 00 00 0c 00 09 04 00 ac 10 00 61 00 11 d6 d8
04-15 21:08:29.043  4241  4515 I rmi     : rmi::on_message: ff ff 81 00 00 00 00 50 00 00 00 c2 01 01 02 00 c0 00 00 00 00 00 00 30 01 00 00 10 02 01 00 01 01 00 00 03 00 00 00 00 01 00 00 10 02 02 00 01 01 00 00 03 00 00 00 00 01 00 00 10 02 05 00 01 01 00 00 03 00 00 00 00 00 00 00 0c 00 09 04 00 ac 10 00 61 00 11 d6 d8
04-15 21:08:29.043  4241  4515 I sdi     : sdi::on_message: ff ff 81 00 00 00 00 50 00 00 00 c2 01 01 02 00 c0 00 00 00 00 00 00 30 01 00 00 10 02 01 00 01 01 00 00 03 00 00 00 00 01 00 00 10 02 02 00 01 01 00 00 03 00 00 00 00 01 00 00 10 02 05 00 01 01 00 00 03 00 00 00 00 00 00 00 0c 00 09 04 00 ac 10 00 61 00 11 d6 d8
04-15 21:08:29.044  4241  4515 I usei    : usei::sq(172.16.0.97:30490): ff ff 81 00 00 00 00 40 00 00 00 9c 01 01 02 00 c0 00 00 00 00 00 00 20 06 00 00 10 02 01 00 01 01 00 00 03 00 00 00 01 06 00 00 10 02 02 00 01 01 00 00 03 00 00 00 01 00 00 00 0c 00 09 04 00 ac 10 00 63 00 11 d6 d9
04-15 21:08:29.044  4159  4182 V MediaService: SVThirdpart audioSourceStruct : 00  00  00  0D  11  00  00  00  08  EF  BB  BF  4E  6F  6E  65  00
04-15 21:08:29.044  4241  4291 I SomeIPService: notifyEvent.serverID:101,eventID:9009,dataLen:17
04-15 21:08:29.044  4241  4291 I someipServiceJNI: Java_com_sv_someip_service_SomeIPService_notifyEventNative event:9009,for service : 101
04-15 21:08:29.045  4241  4291 I rmi     : routing_manager_impl::send2,size:33
04-15 21:08:29.045  4241  4291 I rmi     : routing_manager_impl::send event,len:19,19
04-15 21:08:29.045  4241  4291 I rmi     : routing_manager_impl::send event,session_:4036
04-15 21:08:29.045  4241  4291 I usei    : usei::sq(172.16.0.96:55001): 01 01 90 09 00 00 00 19 00 00 40 36 01 01 02 00 00 00 00 0d 11 00 00 00 08 ef bb bf 4e 6f 6e 65 00
04-15 21:08:29.045  4241  4291 I someipServiceJNI: end notify event:9009,for service : 101
04-15 21:08:29.045  4241  4515 I usei    : usei::rcb(Success): ff ff 81 00 00 00 00 34 00 00 00 9c 01 01 02 00 c0 00 00 00 00 00 00 20 07 00 00 00 02 01 00 01 01 00 00 03 00 00 00 01 07 00 00 00 02 02 00 01 01 00 00 03 00 00 00 01 00 00 00 00
04-15 21:08:29.046  4241  4515 I rmi     : rmi::on_message: ff ff 81 00 00 00 00 34 00 00 00 9c 01 01 02 00 c0 00 00 00 00 00 00 20 07 00 00 00 02 01 00 01 01 00 00 03 00 00 00 01 07 00 00 00 02 02 00 01 01 00 00 03 00 00 00 01 00 00 00 00
04-15 21:08:29.046  4241  4515 I sdi     : sdi::on_message: ff ff 81 00 00 00 00 34 00 00 00 9c 01 01 02 00 c0 00 00 00 00 00 00 20 07 00 00 00 02 01 00 01 01 00 00 03 00 00 00 01 07 00 00 00 02 02 00 01 01 00 00 03 00 00 00 01 00 00 00 00
04-15 21:08:29.046  4241  4515 I sdi     : receive eventgroup_subscription_ack service:201,eg:1
04-15 21:08:29.046  4241  4515 I sdi     : receive eventgroup_subscription_ack service:202,eg:1
04-15 21:08:29.046  4159  4182 V MediaService: notifyRequestActiveAudioSourceToApp
04-15 21:08:29.048  4234  4344 V AudioSourceToIPManager: sourceName = , packageName =
04-15 21:08:29.049  4234  4344 V AudioSourceToIPManager: not find match source to ip,send None
04-15 21:08:29.051  4159  4182 V MediaService: SVThirdpart audioSourceStruct : 00  00  00  0D  11  00  00  00  08  EF  BB  BF  4E  6F  6E  65  00
04-15 21:08:29.052  4241  4291 I SomeIPService: notifyEvent.serverID:101,eventID:9009,dataLen:17
04-15 21:08:29.052  4241  4291 I someipServiceJNI: Java_com_sv_someip_service_SomeIPService_notifyEventNative event:9009,for service : 101
04-15 21:08:29.052  4241  4291 I rmi     : routing_manager_impl::send2,size:33
04-15 21:08:29.052  4241  4291 I rmi     : routing_manager_impl::send event,len:19,19
04-15 21:08:29.052  4241  4291 I rmi     : routing_manager_impl::send event,session_:4037
04-15 21:08:29.052  4241  4291 I usei    : usei::sq(172.16.0.96:55001): 01 01 90 09 00 00 00 19 00 00 40 37 01 01 02 00 00 00 00 0d 11 00 00 00 08 ef bb bf 4e 6f 6e 65 00
04-15 21:08:29.053  4241  4291 I someipServiceJNI: end notify event:9009,for service : 101
04-15 21:08:29.053  4159  4182 V MediaService: notifyRequestActiveAudioSourceToApp
04-15 21:08:29.054  1479  1539 D VehiclePlatform|RemoteHAL|SPI: 0000186458 | Read: 04 44 01 03 00 00 00
04-15 21:08:29.054  1479  1539 D VehiclePlatform|RemoteHAL|SPI: 0000186458 | Read: 04 44 01 03 00 00 00
04-15 21:08:29.056  3905  3905 W MapController: onGpsEvent: GpsEvent_update,ordinal: 0
04-15 21:08:29.057  4234  4344 V AudioSourceToIPManager: sourceName = , packageName =
04-15 21:08:29.058  4234  4344 V AudioSourceToIPManager: not find match source to ip,send None
04-15 21:08:29.059  4159  4182 V MediaService: SVThirdpart audioSourceStruct : 00  00  00  0D  11  00  00  00  08  EF  BB  BF  4E  6F  6E  65  00
04-15 21:08:29.059  4241  4291 I SomeIPService: notifyEvent.serverID:101,eventID:9009,dataLen:17
04-15 21:08:29.059  4241  4291 I someipServiceJNI: Java_com_sv_someip_service_SomeIPService_notifyEventNative event:9009,for service : 101
04-15 21:08:29.060  4241  4291 I rmi     : routing_manager_impl::send2,size:33
04-15 21:08:29.060  4241  4291 I rmi     : routing_manager_impl::send event,len:19,19
04-15 21:08:29.060  4241  4291 I rmi     : routing_manager_impl::send event,session_:4038
04-15 21:08:29.060  4241  4291 I usei    : usei::sq(172.16.0.96:55001): 01 01 90 09 00 00 00 19 00 00 40 38 01 01 02 00 00 00 00 0d 11 00 00 00 08 ef bb bf 4e 6f 6e 65 00
04-15 21:08:29.060  4241  4291 I someipServiceJNI: end notify event:9009,for service : 101
04-15 21:08:29.060  4159  4182 V MediaService: notifyRequestActiveAudioSourceToApp
04-15 21:08:29.063  4234  4344 V AudioSourceToIPManager: sourceName = , packageName =
04-15 21:08:29.064  4234  4344 V AudioSourceToIPManager: not find match source to ip,send None
04-15 21:08:29.068  4159  4182 V MediaService: SVThirdpart audioSourceStruct : 00  00  00  0D  11  00  00  00  08  EF  BB  BF  4E  6F  6E  65  00
04-15 21:08:29.069  4241  4291 I SomeIPService: notifyEvent.serverID:101,eventID:9009,dataLen:17
04-15 21:08:29.069  4241  4291 I someipServiceJNI: Java_com_sv_someip_service_SomeIPService_notifyEventNative event:9009,for service : 101
04-15 21:08:29.070  4241  4291 I rmi     : routing_manager_impl::send2,size:33
04-15 21:08:29.070  4241  4291 I rmi     : routing_manager_impl::send event,len:19,19
04-15 21:08:29.070  4241  4291 I rmi     : routing_manager_impl::send event,session_:4039
04-15 21:08:29.070  4241  4291 I usei    : usei::sq(172.16.0.96:55001): 01 01 90 09 00 00 00 19 00 00 40 39 01 01 02 00 00 00 00 0d 11 00 00 00 08 ef bb bf 4e 6f 6e 65 00
04-15 21:08:29.070  4241  4291 I someipServiceJNI: end notify event:9009,for service : 101
04-15 21:08:29.070  4159  4182 V MediaService: notifyRequestActiveAudioSourceToApp
04-15 21:08:29.075  4234  4344 V AudioSourceToIPManager: sourceName = , packageName =
04-15 21:08:29.076  4234  4344 V AudioSourceToIPManager: not find match source to ip,send None
04-15 21:08:29.077  4159  4182 V MediaService: SVThirdpart audioSourceStruct : 00  00  00  0D  11  00  00  00  08  EF  BB  BF  4E  6F  6E  65  00
04-15 21:08:29.077  4241  4291 I SomeIPService: notifyEvent.serverID:101,eventID:9009,dataLen:17
04-15 21:08:29.077  4241  4291 I someipServiceJNI: Java_com_sv_someip_service_SomeIPService_notifyEventNative event:9009,for service : 101
04-15 21:08:29.077  4241  4291 I rmi     : routing_manager_impl::send2,size:33
04-15 21:08:29.077  4241  4291 I rmi     : routing_manager_impl::send event,len:19,19
04-15 21:08:29.077  4241  4291 I rmi     : routing_manager_impl::send event,session_:403a
04-15 21:08:29.077  4241  4291 I usei    : usei::sq(172.16.0.96:55001): 01 01 90 09 00 00 00 19 00 00 40 3a 01 01 02 00 00 00 00 0d 11 00 00 00 08 ef bb bf 4e 6f 6e 65 00
04-15 21:08:29.078  4241  4291 I someipServiceJNI: end notify event:9009,for service : 101
04-15 21:08:29.078  4159  4182 V MediaService: notifyRequestActiveAudioSourceToApp
04-15 21:08:29.080  4234  4344 V AudioSourceToIPManager: sourceName = , packageName =
04-15 21:08:29.081  4234  4344 V AudioSourceToIPManager: not find match source to ip,send None
04-15 21:08:29.082  4159  4182 V MediaService: SVThirdpart audioSourceStruct : 00  00  00  0D  11  00  00  00  08  EF  BB  BF  4E  6F  6E  65  00
04-15 21:08:29.082  4241  4291 I SomeIPService: notifyEvent.serverID:101,eventID:9009,dataLen:17
04-15 21:08:29.082  4241  4291 I someipServiceJNI: Java_com_sv_someip_service_SomeIPService_notifyEventNative event:9009,for service : 101
04-15 21:08:29.083  4241  4291 I rmi     : routing_manager_impl::send2,size:33
04-15 21:08:29.083  4241  4291 I rmi     : routing_manager_impl::send event,len:19,19
04-15 21:08:29.083  4241  4291 I rmi     : routing_manager_impl::send event,session_:403b
04-15 21:08:29.083  4241  4291 I usei    : usei::sq(172.16.0.96:55001): 01 01 90 09 00 00 00 19 00 00 40 3b 01 01 02 00 00 00 00 0d 11 00 00 00 08 ef bb bf 4e 6f 6e 65 00
04-15 21:08:29.083  4241  4291 I someipServiceJNI: end notify event:9009,for service : 101
04-15 21:08:29.084  4159  4182 V MediaService: notifyRequestActiveAudioSourceToApp
04-15 21:08:29.085  1479  1539 D VehiclePlatform|RemoteHAL|SPI: 0000186489 | Read: 04 44 01 03 00 00 00
04-15 21:08:29.086  4234  4344 V AudioSourceToIPManager: sourceName = , packageName =
04-15 21:08:29.087  4234  4344 V AudioSourceToIPManager: not find match source to ip,send None
04-15 21:08:29.088  4159  4182 V MediaService: SVThirdpart audioSourceStruct : 00  00  00  0D  11  00  00  00  08  EF  BB  BF  4E  6F  6E  65  00
04-15 21:08:29.088  4241  4291 I SomeIPService: notifyEvent.serverID:101,eventID:9009,dataLen:17
04-15 21:08:29.088  4241  4291 I someipServiceJNI: Java_com_sv_someip_service_SomeIPService_notifyEventNative event:9009,for service : 101
04-15 21:08:29.089  4241  4291 I rmi     : routing_manager_impl::send2,size:33
04-15 21:08:29.089  4241  4291 I rmi     : routing_manager_impl::send event,len:19,19
04-15 21:08:29.089  4241  4291 I rmi     : routing_manager_impl::send event,session_:403c
04-15 21:08:29.089  4241  4291 I usei    : usei::sq(172.16.0.96:55001): 01 01 90 09 00 00 00 19 00 00 40 3c 01 01 02 00 00 00 00 0d 11 00 00 00 08 ef bb bf 4e 6f 6e 65 00
04-15 21:08:29.089  4241  4291 I someipServiceJNI: end notify event:9009,for service : 101
04-15 21:08:29.089  4159  4182 V MediaService: notifyRequestActiveAudioSourceToApp
04-15 21:08:29.092  4234  4344 V AudioSourceToIPManager: sourceName = , packageName =
04-15 21:08:29.092  4234  4344 V AudioSourceToIPManager: not find match source to ip,send None
04-15 21:08:29.093  4159  4182 V MediaService: SVThirdpart audioSourceStruct : 00  00  00  0D  11  00  00  00  08  EF  BB  BF  4E  6F  6E  65  00
04-15 21:08:29.094  4241  4291 I SomeIPService: notifyEvent.serverID:101,eventID:9009,dataLen:17
04-15 21:08:29.094  4241  4291 I someipServiceJNI: Java_com_sv_someip_service_SomeIPService_notifyEventNative event:9009,for service : 101
04-15 21:08:29.094  4241  4291 I rmi     : routing_manager_impl::send2,size:33
04-15 21:08:29.094  4241  4291 I rmi     : routing_manager_impl::send event,len:19,19
04-15 21:08:29.094  4241  4291 I rmi     : routing_manager_impl::send event,session_:403d
04-15 21:08:29.094  4241  4291 I usei    : usei::sq(172.16.0.96:55001): 01 01 90 09 00 00 00 19 00 00 40 3d 01 01 02 00 00 00 00 0d 11 00 00 00 08 ef bb bf 4e 6f 6e 65 00
04-15 21:08:29.095  4241  4291 I someipServiceJNI: end notify event:9009,for service : 101
04-15 21:08:29.095  4159  4182 V MediaService: notifyRequestActiveAudioSourceToApp
04-15 21:08:29.100  4234  4344 V AudioSourceToIPManager: sourceName = , packageName =
04-15 21:08:29.100  4234  4344 V AudioSourceToIPManager: not find match source to ip,send None
04-15 21:08:29.101  4159  4182 V MediaService: SVThirdpart audioSourceStruct : 00  00  00  0D  11  00  00  00  08  EF  BB  BF  4E  6F  6E  65  00
04-15 21:08:29.102  4241  4291 I SomeIPService: notifyEvent.serverID:101,eventID:9009,dataLen:17
04-15 21:08:29.102  4241  4291 I someipServiceJNI: Java_com_sv_someip_service_SomeIPService_notifyEventNative event:9009,for service : 101
04-15 21:08:29.102  4241  4291 I rmi     : routing_manager_impl::send2,size:33
04-15 21:08:29.102  4241  4291 I rmi     : routing_manager_impl::send event,len:19,19
04-15 21:08:29.102  4241  4291 I rmi     : routing_manager_impl::send event,session_:403e
04-15 21:08:29.102  4241  4291 I usei    : usei::sq(172.16.0.96:55001): 01 01 90 09 00 00 00 19 00 00 40 3e 01 01 02 00 00 00 00 0d 11 00 00 00 08 ef bb bf 4e 6f 6e 65 00
04-15 21:08:29.103  4241  4291 I someipServiceJNI: end notify event:9009,for service : 101
04-15 21:08:29.103  4159  4182 V MediaService: notifyRequestActiveAudioSourceToApp
04-15 21:08:29.104  4241  4515 I ucei    : ucei::rcb(Success): 02 01 90 05 00 00 00 0a 00 00 00 00 01 01 02 00 00 04
04-15 21:08:29.104  4241  4515 I rmi     : rmi::on_message: 02 01 90 05 00 00 00 0a 00 00 00 00 01 01 02 00 00 04
04-15 21:08:29.104  4241  4515 I rmi     : rmi::on_message(0201, 1): 02 01 90 05 00 00 00 0a 00 00 00 00 01 01 02 00 00 04
04-15 21:08:29.106  4234  4344 V AudioSourceToIPManager: sourceName = , packageName =
04-15 21:08:29.106  4234  4344 V AudioSourceToIPManager: not find match source to ip,send None
04-15 21:08:29.107  4159  4182 V MediaService: SVThirdpart audioSourceStruct : 00  00  00  0D  11  00  00  00  08  EF  BB  BF  4E  6F  6E  65  00
04-15 21:08:29.108  4241  4291 I SomeIPService: notifyEvent.serverID:101,eventID:9009,dataLen:17
04-15 21:08:29.108  4241  4291 I someipServiceJNI: Java_com_sv_someip_service_SomeIPService_notifyEventNative event:9009,for service : 101
04-15 21:08:29.108  4241  4291 I rmi     : routing_manager_impl::send2,size:33
04-15 21:08:29.108  4241  4291 I rmi     : routing_manager_impl::send event,len:19,19
04-15 21:08:29.108  4241  4291 I rmi     : routing_manager_impl::send event,session_:403f
04-15 21:08:29.108  4241  4291 I usei    : usei::sq(172.16.0.96:55001): 01 01 90 09 00 00 00 19 00 00 40 3f 01 01 02 00 00 00 00 0d 11 00 00 00 08 ef bb bf 4e 6f 6e 65 00
04-15 21:08:29.109  4241  4291 I someipServiceJNI: end notify event:9009,for service : 101
04-15 21:08:29.109  4159  4182 V MediaService: notifyRequestActiveAudioSourceToApp
04-15 21:08:29.111  4241  4515 I ucei    : ucei::rcb(Success): 02 01 90 08 00 00 00 0b 00 00 00 00 01 01 02 00 05 ff b5
04-15 21:08:29.111  4241  4515 I rmi     : rmi::on_message: 02 01 90 08 00 00 00 0b 00 00 00 00 01 01 02 00 05 ff b5
04-15 21:08:29.111  4241  4515 I rmi     : rmi::on_message(0201, 1): 02 01 90 08 00 00 00 0b 00 00 00 00 01 01 02 00 05 ff b5
04-15 21:08:29.111  4241  4515 I ucei    : ucei::rcb(Success): 02 01 90 06 00 00 00 20 00 00 00 00 01 01 02 00 00 00 00 14 01 cc 09 00 00 00 0d ef bb bf 43 48 4e 2d 43 55 47 53 4d 00
04-15 21:08:29.111  4241  4515 I rmi     : rmi::on_message: 02 01 90 06 00 00 00 20 00 00 00 00 01 01 02 00 00 00 00 14 01 cc 09 00 00 00 0d ef bb bf 43 48 4e 2d 43 55 47 53 4d 00
04-15 21:08:29.111  4241  4515 I rmi     : rmi::on_message(0201, 1): 02 01 90 06 00 00 00 20 00 00 00 00 01 01 02 00 00 00 00 14 01 cc 09 00 00 00 0d ef bb bf 43 48 4e 2d 43 55 47 53 4d 00
04-15 21:08:29.111  4241  4515 I ucei    : ucei::rcb(Success): 02 02 90 01 00 00 00 09 00 00 00 00 01 01 02 00 01
04-15 21:08:29.111  4241  4515 I rmi     : rmi::on_message: 02 02 90 01 00 00 00 09 00 00 00 00 01 01 02 00 01
04-15 21:08:29.111  4241  4515 I rmi     : rmi::on_message(0202, 1): 02 02 90 01 00 00 00 09 00 00 00 00 01 01 02 00 01
04-15 21:08:29.112  4241  4511 I someipServiceJNI: Received a message type:2, with Client/Session [0/0].
04-15 21:08:29.112  4241  4511 I someipServiceJNI: onClientDataReceivedCallBackJni.
04-15 21:08:29.112  4241  4511 I SomeIPService: onClientDataReceived:201,methodEventID:9008,len:3
04-15 21:08:29.112  4241  4511 I SomeIPService: onClientDataReceived callback:201,methodEventID:9008,len:3
04-15 21:08:29.112  4159  4625 I com.sv.vsomeip.SomeIPManager: onClientDataReceived, serverID:201,methodEventID:9008
04-15 21:08:29.112  4159  4210 I VSomeIPClient: DataReceivedCallBackRunnable,methodID:9008
04-15 21:08:29.113  4159  4213 V TBoxTelephonyService: receiver tbox message = 36872
04-15 21:08:29.113  4159  4213 V TBoxTelephonyService: NOTIFY_TBoxSignalStrength
04-15 21:08:29.113  4049  4150 V TboxTelephonyManager: notifyTBoxConnectState = true
04-15 21:08:29.113  4049  4150 D TBoxFunctionHolder: {SvBtPhone_Z}<>{20200224_111553} notifyTBoxConnectState state = true
04-15 21:08:29.114  4234  4280 V TboxTelephonyManager: notifyTBoxConnectState = true
04-15 21:08:29.114  4234  4280 V TBoxMessageToSystemUIService: isExitsTBox = true
04-15 21:08:29.114  4234  4280 D PA_TboxManager: noticeIconShow
04-15 21:08:29.114  2812  3370 D PlatformTboxService: PlatformTboxService , noticeIconShow , iconShow = false
04-15 21:08:29.115  2812  3370 D PlatformTboxService: PlatformTboxService , sendTboxBroadcast ,ACTION_TBOX_ICON_CHANGED show = false , iconType = 2001
04-15 21:08:29.115  4234  4344 V AudioSourceToIPManager: sourceName = , packageName =
04-15 21:08:29.115  1479  1539 D VehiclePlatform|RemoteHAL|SPI: 0000186519 | Read: 01 51 15 03 00 01 01
04-15 21:08:29.115  1479  1539 D VehiclePlatform|RemoteHAL|SPI: 0000186519 | Read: 04 44 01 03 00 00 00
04-15 21:08:29.115  1479  1539 D VehiclePlatform|RemoteHAL|SPI: 0000186519 | Read: 01 7C FF 2D 00 03 03 00 00 00 00 00 00 00 00 00 00 00 00 00 00 00 00 00 00 00 00 00 00 00 00 00 00 00 00 00 00 00 00 00 00 00 00 00 00 00 00 00 00
04-15 21:08:29.115  1479  1539 W automotive.vehicle@2.0-service.salvator.EmulatedVehicleHal: Config not set property: 0x21407cff
04-15 21:08:29.115  1479  1539 D VehiclePlatform|RemoteHAL|SPI: 0000186520 | Read: 04 44 01 03 00 00 00
04-15 21:08:29.116  1479  1539 D VehiclePlatform|RemoteHAL|SPI: 0000186520 | Read: 04 44 11 04 00 11 F8 00
04-15 21:08:29.115  2812  3370 W ContextImpl: Calling a method in the system process without a qualified user: android.app.ContextImpl.sendBroadcast:966 android.content.ContextWrapper.sendBroadcast:437 platformadapter.svauto.com.services.PlatformTboxService.sendTboxBroadcast:297 platformadapter.svauto.com.services.PlatformTboxService.noticeIconShow:196 dsv.platformadapter.app.IPlatformTboxService$Stub.onTransact:159
04-15 21:08:29.116  4234  4344 V AudioSourceToIPManager: not find match source to ip,send None
04-15 21:08:29.117  4159  4182 V MediaService: SVThirdpart audioSourceStruct : 00  00  00  0D  11  00  00  00  08  EF  BB  BF  4E  6F  6E  65  00
04-15 21:08:29.117  2620  5051 E ActivityManager: Sending non-protected broadcast com.android.tbox.icon.changed from system 2812:platformadapter.svauto.com.platformadaptermultivr/1000 pkg platformadapter.svauto.com.platformadaptermultivr
04-15 21:08:29.118  4241  4291 I SomeIPService: notifyEvent.serverID:101,eventID:9009,dataLen:17
04-15 21:08:29.118  4241  4291 I someipServiceJNI: Java_com_sv_someip_service_SomeIPService_notifyEventNative event:9009,for service : 101
04-15 21:08:29.118  4241  4291 I rmi     : routing_manager_impl::send2,size:33
04-15 21:08:29.118  4241  4291 I rmi     : routing_manager_impl::send event,len:19,19
04-15 21:08:29.118  4241  4291 I rmi     : routing_manager_impl::send event,session_:4040
04-15 21:08:29.118  4241  4291 I usei    : usei::sq(172.16.0.96:55001): 01 01 90 09 00 00 00 19 00 00 40 40 01 01 02 00 00 00 00 0d 11 00 00 00 08 ef bb bf 4e 6f 6e 65 00
04-15 21:08:29.118  4241  4291 I someipServiceJNI: end notify event:9009,for service : 101
04-15 21:08:29.119  4159  4182 V MediaService: notifyRequestActiveAudioSourceToApp
04-15 21:08:29.119  2620  5051 E ActivityManager: Sending non-protected broadcast com.android.tbox.icon.changed from system 2812:platformadapter.svauto.com.platformadaptermultivr/1000 pkg platformadapter.svauto.com.platformadaptermultivr
04-15 21:08:29.121  2812  3370 I PlatformTboxService: PlatformTboxDevice , notictTboxStateToEveryIPlatformTboxDispatcher , ptd = dsv.platformadapter.app.IPlatformTboxDispatcher$Stub$Proxy@f21beb3, clientIdPackageName = CarStateManagerServicedsv.carstate.service
04-15 21:08:29.121  2812  3370 D PlatformTboxService: PlatformTboxDevice , tboxIconShow
04-15 21:08:29.121  2812  3370 I PlatformTboxService: PlatformTboxDevice , notictTboxStateToEveryIPlatformTboxDispatcher , ptd = dsv.platformadapter.app.IPlatformTboxDispatcher$Stub$Proxy@b81e4c4, clientIdPackageName = /vendor/app/Rn2VrAdapter/Rn2VrAdapter.apkcom.iflytek.Rn2Adapter
04-15 21:08:29.121  2812  3370 D PlatformTboxService: PlatformTboxDevice , tboxIconShow



spark@MacBook-Pro:~/Downloads$ fastboot getvar all
< waiting for any device >
(bootloader) version-baseband:N/A
(bootloader) version-bootloader:U-Boot 2015.04-00002-gc07382c
(bootloader) version:0.4
(bootloader) product:g6sa
(bootloader) platform:r8a77965
(bootloader) revision:1.1
(bootloader) serialno:00001234
(bootloader) variant:
(bootloader) secure:no
(bootloader) unlocked:yes
(bootloader) max-download-size:0x1000000
(bootloader) partition-size:bootloader:0x180000
(bootloader) partition-size:misc:0x80000
(bootloader) partition-size:pst:0x80000
(bootloader) partition-size:appcfg:0x80000
(bootloader) partition-size:vbmeta_a:0x80000
(bootloader) partition-size:vbmeta_b:0x80000
(bootloader) partition-size:dtb_a:0x80000
(bootloader) partition-size:dtb_b:0x80000
(bootloader) partition-size:boot_a:0x1000000
(bootloader) partition-size:boot_b:0x1000000
(bootloader) partition-size:metadata:0x1000000
(bootloader) partition-size:system_a:0x40000000
(bootloader) partition-size:system_b:0x40000000
(bootloader) partition-size:vendor_a:0x50000000
(bootloader) partition-size:vendor_b:0x50000000
(bootloader) partition-size:mcu_a:0x400000
(bootloader) partition-size:mcu_b:0x400000
(bootloader) partition-size:extradata:0x200000000
(bootloader) partition-size:vrdata:0x40000000
(bootloader) partition-size:fotadata:0xa0000000
(bootloader) partition-size:userdata:0x343e7be00
(bootloader) partition-type:bootloader:raw
(bootloader) partition-type:misc:raw
(bootloader) partition-type:pst:raw
(bootloader) partition-type:appcfg:raw
(bootloader) partition-type:vbmeta_a:raw
(bootloader) partition-type:vbmeta_b:raw
(bootloader) partition-type:dtb_a:raw
(bootloader) partition-type:dtb_b:raw
(bootloader) partition-type:boot_a:raw
(bootloader) partition-type:boot_b:raw
(bootloader) partition-type:metadata:raw
(bootloader) partition-type:system_a:ext4
(bootloader) partition-type:system_b:ext4
(bootloader) partition-type:vendor_a:ext4
(bootloader) partition-type:vendor_b:ext4
(bootloader) partition-type:mcu_a:ext4
(bootloader) partition-type:mcu_b:ext4
(bootloader) partition-type:extradata:ext4
(bootloader) partition-type:vrdata:ext4
(bootloader) partition-type:fotadata:ext4
(bootloader) partition-type:userdata:ext4
(bootloader) has-slot:bootloader:no
(bootloader) has-slot:misc:no
(bootloader) has-slot:pst:no
(bootloader) has-slot:appcfg:no
(bootloader) has-slot:vbmeta:yes
(bootloader) has-slot:dtb:yes
(bootloader) has-slot:boot:yes
(bootloader) has-slot:metadata:no
(bootloader) has-slot:system:yes
(bootloader) has-slot:vendor:yes
(bootloader) has-slot:mcu:yes
(bootloader) has-slot:extradata:no
(bootloader) has-slot:vrdata:no
(bootloader) has-slot:fotadata:no
(bootloader) has-slot:userdata:no
(bootloader) slot-suffixes:a,b
(bootloader) slot-count:2
(bootloader) current-slot:a
(bootloader) slot-successful:a:yes
(bootloader) slot-successful:b:no
(bootloader) slot-unbootable:a:no
(bootloader) slot-unbootable:b:yes
(bootloader) slot-retry-count:a:0
(bootloader) slot-retry-count:b:0
all: listed above
Finished. Total time: 0.242s


V AudioSourceToIPManager: sourceName = null, packageName = com.spark.h9patches
04-15 22:07:17.831  4610  4804 V AudioSourceToIPManager: sourceName = null, packageName = com.spark.h9patches
04-15 22:07:17.841  4610  4804 V AudioSourceToIPManager: sourceName = null, packageName = com.spark.h9patches
04-15 22:07:17.856  4610  4804 V AudioSourceToIPManager: sourceName = null, packageName = com.spark.h9patches
04-15 22:07:17.899  4610  4804 V AudioSourceToIPManager: sourceName = null, packageName = com.spark.h9patches
04-15 22:07:17.911  4610  4804 V AudioSourceToIPManager: sourceName = null, packageName = com.spark.h9patches
04-15 22:07:17.920  4610  4804 V AudioSourceToIPManager: sourceName = null, packageName = com.spark.h9patches
04-15 22:07:18.011  4610  4804 V AudioSourceToIPManager: sourceName = null, packageName = com.spark.h9patches
04-15 22:07:18.069  4610  4804 V AudioSourceToIPManager: sourceName = null, packageName = com.spark.h9patches
04-15 22:07:18.220  4610  4804 V AudioSourceToIPManager: sourceName = null, packageName = com.spark.h9patches
04-15 22:07:18.233  4610  4804 V AudioSourceToIPManager: sourceName = null, packageName = com.spark.h


04-15 22:31:37.417  4998  4998 W ContextImpl: Calling a method in the system process without a qualified user: android.app.ContextImpl.bindService:1556 android.content.ContextWrapper.bindService:684 com.desay_svautomotive.carlibs.hardware.CarEnergyManager.<init>:49 com.desay_svautomotive.svcarsettings.CarSettingsApplication.onCreate:43 com.spark.h9patches.H9PatchesApplication.onCreate:29
04-15 22:31:37.426  4998  4998 W ContextImpl: Calling a method in the system process without a qualified user: android.app.ContextImpl.bindService:1556 android.content.ContextWrapper.bindService:684 com.desay_svautomotive.carlibs.hardware.CarSensorManager.<init>:49 com.desay_svautomotive.svcarsettings.CarSettingsApplication.onCreate:52 com.spark.h9patches.H9PatchesApplication.onCreate:29
04-15 22:31:38.656  2594  2701 V ActivityManager: Attempted to start a foreground service (ComponentInfo{com.spark.h9patches/com.spark.h9patches.H9PatchesService}) with a broken notification (no icon: Notification(channel=null pri=0 contentView=com.spark.h9patches/0x109008e vibrate=null sound=null defaults=0x0 flags=0x40 color=0x00000000 vis=PRIVATE))
04-15 22:31:40.444  4998  4998 W ContextImpl: Calling a method in the system process without a qualified user: android.app.ContextImpl.bindService:1556 android.content.ContextWrapper.bindService:684 com.spark.h9patches.Radio.initManagers:84 com.spark.h9patches.Radio.onServiceStart:61 com.spark.h9patches.H9PatchesService.notifyOnStart:1042
04-15 22:31:40.452  4998  4998 W ContextImpl: Calling a method in the system process without a qualified user: android.app.ContextImpl.startService:1476 android.content.ContextWrapper.startService:650 com.spark.h9patches.Radio.checkRadio:92 com.spark.h9patches.Radio.onServiceStart:62 com.spark.h9patches.H9PatchesService.notifyOnStart:1042
04-15 22:32:27.193  2594  3910 W BroadcastQueue: Background execution not allowed: receiving Intent { act=android.intent.action.PACKAGE_ADDED dat=package:com.spark.h9patches flg=0x4000010 (has extras) } to com.navinfo.appstore/.Receivers.UninstallReceiver
04-15 22:32:27.196  2594  2701 W BroadcastQueue: Background execution not allowed: receiving Intent { act=android.intent.action.PACKAGE_ADDED dat=package:com.spark.h9patches flg=0x4000010 (has extras) } to com.svox.pico/.VoiceDataInstallerReceiver
04-15 22:34:31.320  2594  2716 W PackageParser: Ignoring duplicate uses-permissions/uses-permissions-sdk-m: android.permission.SYSTEM_OVERLAY_WINDOW in package: com.spark.h9patches at: Binary XML file line #111
04-15 22:34:31.413  7322  7322 I dex2oat : /system/bin/dex2oat --input-vdex-fd=-1 --output-vdex-fd=9 --compiler-filter=quicken --classpath-dir=/data/app/com.spark.h9patches-ENkaTYSNihmxht3wFaxw9A== --class-loader-context=PCL[]
04-15 22:34:35.044  2594  2701 I ActivityManager: Force stopping com.spark.h9patches appid=1000 user=-1: installPackageLI
04-15 22:34:35.045  2594  2701 I ActivityManager: Killing 4998:com.spark.h9patches/1000 (adj 100): stop com.spark.h9patches
04-15 22:34:35.050  2594  2701 W ActivityManager: Scheduling restart of crashed service com.spark.h9patches/.H9AccessibilityService in 1000ms
04-15 22:34:35.050  2594  2701 W ActivityManager: Scheduling restart of crashed service com.spark.h9patches/.H9PatchesService in 10999ms
04-15 22:34:35.070  2594  2701 I ActivityManager:   Force stopping service ServiceRecord{a43f22 u0 com.spark.h9patches/.H9PatchesService}
04-15 22:34:35.072  2594  2701 I ActivityManager:   Force stopping service ServiceRecord{c65b7c2 u0 com.spark.h9patches/.H9AccessibilityService}
04-15 22:34:35.116  2594  3910 I WindowManager: WIN DEATH: Window{950e3ef u0 com.spark.h9patches}
04-15 22:34:35.118  2594  3910 W AppOps  : Finishing op nesting under-run: uid 1000 pkg com.spark.h9patches code 24 time=0 duration=0 nesting=0
04-15 22:34:35.215  2594  2716 I PackageManager: Package com.spark.h9patches codePath changed from /data/app/com.spark.h9patches-3VeLpzBh2WQWnRhPxnnKXw== to /data/app/com.spark.h9patches-ENkaTYSNihmxht3wFaxw9A==; Retaining data and using new
04-15 22:34:35.216  2594  2716 W PackageManager: Code path for com.spark.h9patches changing from /data/app/com.spark.h9patches-3VeLpzBh2WQWnRhPxnnKXw== to /data/app/com.spark.h9patches-ENkaTYSNihmxht3wFaxw9A==
04-15 22:34:35.216  2594  2716 W PackageManager: Resource path for com.spark.h9patches changing from /data/app/com.spark.h9patches-3VeLpzBh2WQWnRhPxnnKXw== to /data/app/com.spark.h9patches-ENkaTYSNihmxht3wFaxw9A==
04-15 22:34:35.745  2594  2716 W ActivityManager: Skipping broadcast of Intent { act=android.intent.action.PACKAGE_REMOVED dat=package:com.spark.h9patches flg=0x4000010 (has extras) }: user 11 is stopped
04-15 22:34:35.746  2594  2716 W ActivityManager: Skipping broadcast of Intent { act=android.intent.action.PACKAGE_REMOVED dat=package:com.spark.h9patches flg=0x4000010 (has extras) }: user 10 is stopped
04-15 22:34:35.749  2594  2716 I ActivityManager: Force stopping com.spark.h9patches appid=1000 user=0: pkg removed
04-15 22:34:35.758  2594  2716 W ActivityManager: Skipping broadcast of Intent { act=android.intent.action.PACKAGE_ADDED dat=package:com.spark.h9patches flg=0x4000010 (has extras) }: user 10 is stopped
04-15 22:34:35.758  2594  2716 W ActivityManager: Skipping broadcast of Intent { act=android.intent.action.PACKAGE_ADDED dat=package:com.spark.h9patches flg=0x4000010 (has extras) }: user 11 is stopped
04-15 22:34:35.765  2594  2716 W ActivityManager: Skipping broadcast of Intent { act=android.intent.action.PACKAGE_REPLACED dat=package:com.spark.h9patches flg=0x4000010 (has extras) }: user 10 is stopped
04-15 22:34:35.766  2594  2716 W ActivityManager: Skipping broadcast of Intent { act=android.intent.action.PACKAGE_REPLACED dat=package:com.spark.h9patches flg=0x4000010 (has extras) }: user 11 is stopped
04-15 22:34:35.767  2594  2716 W ActivityManager: Skipping broadcast of Intent { act=android.intent.action.MY_PACKAGE_REPLACED flg=0x4000010 pkg=com.spark.h9patches (has extras) }: user 10 is stopped
04-15 22:34:35.767  2594  2716 W ActivityManager: Skipping broadcast of Intent { act=android.intent.action.MY_PACKAGE_REPLACED flg=0x4000010 pkg=com.spark.h9patches (has extras) }: user 11 is stopped
04-15 22:34:35.799  2594  2701 W BroadcastQueue: Background execution not allowed: receiving Intent { act=android.intent.action.PACKAGE_REMOVED dat=package:com.spark.h9patches flg=0x4000010 (has extras) } to com.navinfo.appstore/.Receivers.UninstallReceiver
04-15 22:34:35.807  5552  5552 D Runtime : action:android.intent.action.PACKAGE_REMOVED    dataString:package:com.spark.h9patches
04-15 22:34:35.827  2594  7327 W BroadcastQueue: Background execution not allowed: receiving Intent { act=android.intent.action.PACKAGE_REMOVED dat=package:com.spark.h9patches flg=0x4000010 (has extras) } to com.mgoogle.android.gms/org.microg.gms.gcm.UnregisterReceiver
04-15 22:34:35.835  2594  2701 W BroadcastQueue: Background execution not allowed: receiving Intent { act=android.intent.action.PACKAGE_ADDED dat=package:com.spark.h9patches flg=0x4000010 (has extras) } to com.navinfo.appstore/.Receivers.UninstallReceiver
04-15 22:34:35.838  2594  2701 W BroadcastQueue: Background execution not allowed: receiving Intent { act=android.intent.action.PACKAGE_ADDED dat=package:com.spark.h9patches flg=0x4000010 (has extras) } to com.svox.pico/.VoiceDataInstallerReceiver
04-15 22:34:35.839  6926  6959 I e       : Installed com.spark.h9patches
04-15 22:34:35.846  5552  5552 D Runtime : action:android.intent.action.PACKAGE_ADDED    dataString:package:com.spark.h9patches
04-15 22:34:35.856  5552  5552 D Runtime : action:android.intent.action.PACKAGE_REPLACED    dataString:package:com.spark.h9patches
04-15 22:34:35.905  4843  4843 D ImsResolver: maybeAddedImsService, packageName: com.spark.h9patches
04-15 22:34:35.920  2594  3499 I ActivityManager: Start proc 7339:com.spark.h9patches/1000 for broadcast com.spark.h9patches/.BootBroadcastReceiver
04-15 22:34:36.107  7339  7339 I chatty  : uid=1000(system) com.spark.h9patches expire 2 lines
04-15 22:34:36.107  7339  7339 I spark.h9patches: type=1400 audit(0.0:599): avc: denied { write } for path="/data/app/com.spark.h9patches-ENkaTYSNihmxht3wFaxw9A==/base.apk.arm64.flock" dev="mmcblk0p21" ino=524067 scontext=u:r:system_app:s0 tcontext=u:object_r:apk_data_file:s0 tclass=file permissive=1
04-15 22:34:36.140  7339  7339 W ContextImpl: Calling a method in the system process without a qualified user: android.app.ContextImpl.bindService:1556 android.content.ContextWrapper.bindService:684 com.desay_svautomotive.carlibs.hardware.DriverAssistManager.<init>:42 com.desay_svautomotive.svcarsettings.CarSettingsApplication.onCreate:16 com.spark.h9patches.H9PatchesApplication.onCreate:29
